
> copy-cat@0.1.0 build
> next build

▲ Next.js 16.2.6 (Turbopack)
- Environments: .env

⚠ The "middleware" file convention is deprecated. Please use "proxy" instead. Learn more: https://nextjs.org/docs/messages/middleware-to-proxy
  Creating an optimized production build ...
✓ Compiled successfully in 8.9s
  Running TypeScript ...
  Finished TypeScript in 8.6s ...
  Collecting page data using 11 workers ...
  Generating static pages using 11 workers (0/21) ...
  Generating static pages using 11 workers (5/21) 
  Generating static pages using 11 workers (10/21) 
  Generating static pages using 11 workers (15/21) 
✓ Generating static pages using 11 workers (21/21) in 757ms
  Finalizing page optimization ...

Route (app)
┌ ○ /
├ ○ /_not-found
├ ○ /account-created
├ ○ /auth/verify
├ ○ /clowders
├ ○ /connections
├ ○ /dashboard
├ ○ /explore
├ ○ /feed
├ ○ /memory
├ ○ /messages
├ ○ /notifications
├ ○ /personality
├ ○ /profile
├ ○ /search
├ ○ /settings
├ ƒ /sign-in
├ ○ /train
└ ○ /verify-sent


ƒ Proxy (Middleware)

○  (Static)   prerendered as static content
ƒ  (Dynamic)  server-rendered on demand

